{
  "filters_used": [
    {
      "path": "detect_secrets.filters.allowlist.is_line_allowlisted"
    },
    {
      "filename": ".secrets.baseline",
      "path": "detect_secrets.filters.common.is_baseline_file"
    },
    {
      "min_level": 2,
      "path": "detect_secrets.filters.common.is_ignored_due_to_verification_policies"
    },
    {
      "path": "detect_secrets.filters.heuristic.is_indirect_reference"
    },
    {
      "path": "detect_secrets.filters.heuristic.is_likely_id_string"
    },
    {
      "path": "detect_secrets.filters.heuristic.is_lock_file"
    },
    {
      "path": "detect_secrets.filters.heuristic.is_not_alphanumeric_string"
    },
    {
      "path": "detect_secrets.filters.heuristic.is_potential_uuid"
    },
    {
      "path": "detect_secrets.filters.heuristic.is_prefixed_with_dollar_sign"
    },
    {
      "path": "detect_secrets.filters.heuristic.is_sequential_string"
    },
    {
      "path": "detect_secrets.filters.heuristic.is_swagger_file"
    },
    {
      "path": "detect_secrets.filters.heuristic.is_templated_secret"
    },
    {
      "path": "detect_secrets.filters.regex.should_exclude_file",
      "pattern": [
        "package-lock\\.json|\\.secrets\\.baseline|.*\\.lock|.*\\.svg"
      ]
    }
  ],
  "generated_at": "2026-07-12T09:24:17Z",
  "plugins_used": [
    {
      "name": "ArtifactoryDetector"
    },
    {
      "name": "AWSKeyDetector"
    },
    {
      "name": "AzureStorageKeyDetector"
    },
    {
      "limit": 4.5,
      "name": "Base64HighEntropyString"
    },
    {
      "name": "BasicAuthDetector"
    },
    {
      "name": "CloudantDetector"
    },
    {
      "name": "DiscordBotTokenDetector"
    },
    {
      "name": "GitHubTokenDetector"
    },
    {
      "name": "GitLabTokenDetector"
    },
    {
      "limit": 3.0,
      "name": "HexHighEntropyString"
    },
    {
      "name": "IbmCloudIamDetector"
    },
    {
      "name": "IbmCosHmacDetector"
    },
    {
      "name": "IPPublicDetector"
    },
    {
      "name": "JwtTokenDetector"
    },
    {
      "keyword_exclude": "",
      "name": "KeywordDetector"
    },
    {
      "name": "MailchimpDetector"
    },
    {
      "name": "NpmDetector"
    },
    {
      "name": "OpenAIDetector"
    },
    {
      "name": "PrivateKeyDetector"
    },
    {
      "name": "PypiTokenDetector"
    },
    {
      "name": "SendGridDetector"
    },
    {
      "name": "SlackDetector"
    },
    {
      "name": "SoftlayerDetector"
    },
    {
      "name": "SquareOAuthDetector"
    },
    {
      "name": "StripeDetector"
    },
    {
      "name": "TelegramBotTokenDetector"
    },
    {
      "name": "TwilioKeyDetector"
    }
  ],
  "results": {
    "README.md": [
      {
        "filename": "README.md",
        "hashed_secret": "f67dca8c5ff56a19f8b07a5985aa484b45580411",
        "is_verified": false,
        "line_number": 348,
        "type": "Basic Auth Credentials"
      }
    ],
    "backend/isoc_api/settings.py": [
      {
        "filename": "backend/isoc_api/settings.py",
        "hashed_secret": "f67dca8c5ff56a19f8b07a5985aa484b45580411",
        "is_verified": false,
        "line_number": 36,
        "type": "Basic Auth Credentials"
      }
    ],
    "backend/scripts/triage.py": [
      {
        "filename": "backend/scripts/triage.py",
        "hashed_secret": "f4f6cd9d3f981051b8a34593dbd9678e9a28c203",
        "is_verified": false,
        "line_number": 198,
        "type": "Secret Keyword"
      },
      {
        "filename": "backend/scripts/triage.py",
        "hashed_secret": "b1c37d36e3da37aa891691b663830634c2db2f1a",
        "is_verified": false,
        "line_number": 199,
        "type": "Secret Keyword"
      },
      {
        "filename": "backend/scripts/triage.py",
        "hashed_secret": "3b074d52356aa1581b341bdf914db16b77741466",
        "is_verified": false,
        "line_number": 200,
        "type": "Secret Keyword"
      },
      {
        "filename": "backend/scripts/triage.py",
        "hashed_secret": "2fcf6c48197465ceb63fe1af461218fc95b599c9",
        "is_verified": false,
        "line_number": 201,
        "type": "Secret Keyword"
      }
    ],
    "config/litellm.config.yaml": [
      {
        "filename": "config/litellm.config.yaml",
        "hashed_secret": "362f2ca8636c6167b20713f5bcd632d2b20699d7",
        "is_verified": false,
        "line_number": 17,
        "type": "Secret Keyword"
      },
      {
        "filename": "config/litellm.config.yaml",
        "hashed_secret": "5bc604777adb22ae457a5473c397202e00689e23",
        "is_verified": false,
        "line_number": 43,
        "type": "Secret Keyword"
      }
    ],
    "deploy/.env.example": [
      {
        "filename": "deploy/.env.example",
        "hashed_secret": "db718812b944d67845b79c802cf8b3ccf6b19471",
        "is_verified": false,
        "line_number": 35,
        "type": "Basic Auth Credentials"
      }
    ]
  },
  "version": "1.5.0"
}
